chr1	3	7	2.000000	3.000000	9.000000
chr1	4	9	3.000000	9.000000	13.000000
chr2	2	5	0.000000	0.000000	0.000000
